
     Program epsilon v.7.3.1 starts on  3Aug2026 at  0:12:30 

     This program is part of the open-source Quantum ESPRESSO suite
     for quantum simulation of materials; please cite
         "P. Giannozzi et al., J. Phys.:Condens. Matter 21 395502 (2009);
         "P. Giannozzi et al., J. Phys.:Condens. Matter 29 465901 (2017);
         "P. Giannozzi et al., J. Chem. Phys. 152 154105 (2020);
          URL http://www.quantum-espresso.org", 
     in publications or presentations arising from this work. More details at
     http://www.quantum-espresso.org/quote

     Parallel version (MPI & OpenMP), running on      12 processor cores
     Number of MPI processes:                12
     Threads/MPI process:                     1

     MPI processes distributed on     1 nodes
     R & G space division:  proc/nbgrp/npool/nimage =      12
     1678 MiB available memory on the printing compute node when the environment starts
 


     Reading input file...
     Broadcasting variables...
     Reading PW restart file...

     Reading xml data from directory:

     ./epsilon_GaN_k12x12x9/GaN.save/

     IMPORTANT: XC functional enforced from input :
     Exchange-correlation= PBE
                           (   1   4   3   4   0   0   0)
     Any further DFT definition will be discarded
     Please, verify this is what you really want

 
     Parallelization info
     --------------------
     sticks:   dense  smooth     PW     G-vecs:    dense   smooth      PW
     Min         149      59     18                 8301     2091     365
     Max         150      61     20                 8308     2094     368
     Sum        1789     721    223                99623    25109    4391
 
     Using Slab Decomposition
 


     Fermi energy [eV] is: 10.11320
     The system is a dielectric...
     metallic system: redefining wmin =     0.050000

     Performing eps calculation...

     xx,yy,zz plasmon frequences [eV] are:    17.797737715   17.798355463   17.822306841

     Writing output on file...


     eps          :     11.05s CPU     13.91s WALL (       1 calls)
     dipole_calc  :      3.87s CPU      6.51s WALL (    1296 calls)
 
 
     epsilon      :     11.63s CPU     14.56s WALL

 
   This run was terminated on:   0:12:44   3Aug2026            

=------------------------------------------------------------------------------=
   JOB DONE.
=------------------------------------------------------------------------------=
